------------------------------------------------------------
Timing Analyzer Summary
------------------------------------------------------------

Type  : Slow 1200mV 85C Model Setup 'sc2|sc0|altpll_component|auto_generated|pll1|clk[0]'
Slack : -18.034
TNS   : -4451.080

Type  : Slow 1200mV 85C Model Setup 'TDC:sc0|FFD:sc4|Q'
Slack : -12.268
TNS   : -1072.627

Type  : Slow 1200mV 85C Model Setup 'Global_P:sc1|FFD:sc5|Q'
Slack : -12.119
TNS   : -1023.563

Type  : Slow 1200mV 85C Model Hold 'sc2|sc0|altpll_component|auto_generated|pll1|clk[0]'
Slack : 0.143
TNS   : 0.000

Type  : Slow 1200mV 85C Model Hold 'TDC:sc0|FFD:sc4|Q'
Slack : 0.334
TNS   : 0.000

Type  : Slow 1200mV 85C Model Hold 'Global_P:sc1|FFD:sc5|Q'
Slack : 1.530
TNS   : 0.000

Type  : Slow 1200mV 85C Model Recovery 'TDC:sc0|FFD:sc6|Q'
Slack : -4.195
TNS   : -4.195

Type  : Slow 1200mV 85C Model Recovery 'TDC:sc0|Synchronizer:sc0|FFD_N:sc2|Q'
Slack : -4.043
TNS   : -4.043

Type  : Slow 1200mV 85C Model Recovery 'Global_P:sc1|FFD:sc1|Q'
Slack : -3.870
TNS   : -3.870

Type  : Slow 1200mV 85C Model Recovery 'Global_P:sc1|Synchronizer:sc2|FFD_N:sc2|Q'
Slack : -3.775
TNS   : -3.775

Type  : Slow 1200mV 85C Model Recovery 'Global_P:sc1|Coarse_Counter:sc0|Counter_N:sc0|qp[6]'
Slack : -2.648
TNS   : -2.648

Type  : Slow 1200mV 85C Model Recovery 'Trigger'
Slack : -1.833
TNS   : -1.833

Type  : Slow 1200mV 85C Model Recovery 'Hit'
Slack : -1.725
TNS   : -1.725

Type  : Slow 1200mV 85C Model Recovery 'sc2|sc0|altpll_component|auto_generated|pll1|clk[0]'
Slack : -1.201
TNS   : -8.407

Type  : Slow 1200mV 85C Model Removal 'sc2|sc0|altpll_component|auto_generated|pll1|clk[0]'
Slack : 0.484
TNS   : 0.000

Type  : Slow 1200mV 85C Model Removal 'Trigger'
Slack : 0.797
TNS   : 0.000

Type  : Slow 1200mV 85C Model Removal 'Hit'
Slack : 1.221
TNS   : 0.000

Type  : Slow 1200mV 85C Model Removal 'Global_P:sc1|Coarse_Counter:sc0|Counter_N:sc0|qp[6]'
Slack : 1.798
TNS   : 0.000

Type  : Slow 1200mV 85C Model Removal 'Global_P:sc1|FFD:sc1|Q'
Slack : 2.946
TNS   : 0.000

Type  : Slow 1200mV 85C Model Removal 'Global_P:sc1|Synchronizer:sc2|FFD_N:sc2|Q'
Slack : 2.984
TNS   : 0.000

Type  : Slow 1200mV 85C Model Removal 'TDC:sc0|Synchronizer:sc0|FFD_N:sc2|Q'
Slack : 3.270
TNS   : 0.000

Type  : Slow 1200mV 85C Model Removal 'TDC:sc0|FFD:sc6|Q'
Slack : 3.415
TNS   : 0.000

Type  : Slow 1200mV 85C Model Minimum Pulse Width 'Hit'
Slack : -1.481
TNS   : -2.766

Type  : Slow 1200mV 85C Model Minimum Pulse Width 'Trigger'
Slack : -1.481
TNS   : -2.766

Type  : Slow 1200mV 85C Model Minimum Pulse Width 'TDC:sc0|FFD:sc4|Q'
Slack : -1.285
TNS   : -172.190

Type  : Slow 1200mV 85C Model Minimum Pulse Width 'Global_P:sc1|FFD:sc5|Q'
Slack : -1.285
TNS   : -164.480

Type  : Slow 1200mV 85C Model Minimum Pulse Width 'Global_P:sc1|Coarse_Counter:sc0|Counter_N:sc0|qp[6]'
Slack : -1.285
TNS   : -1.285

Type  : Slow 1200mV 85C Model Minimum Pulse Width 'Global_P:sc1|FFD:sc1|Q'
Slack : -1.285
TNS   : -1.285

Type  : Slow 1200mV 85C Model Minimum Pulse Width 'Global_P:sc1|Synchronizer:sc2|FFD_N:sc2|Q'
Slack : -1.285
TNS   : -1.285

Type  : Slow 1200mV 85C Model Minimum Pulse Width 'TDC:sc0|FFD:sc6|Q'
Slack : -1.285
TNS   : -1.285

Type  : Slow 1200mV 85C Model Minimum Pulse Width 'TDC:sc0|Synchronizer:sc0|FFD_N:sc2|Q'
Slack : -1.285
TNS   : -1.285

Type  : Slow 1200mV 85C Model Minimum Pulse Width 'sc2|sc0|altpll_component|auto_generated|pll1|clk[0]'
Slack : -1.193
TNS   : -1068.928

Type  : Slow 1200mV 85C Model Minimum Pulse Width 'CLK0'
Slack : 9.894
TNS   : 0.000

Type  : Slow 1200mV 0C Model Setup 'sc2|sc0|altpll_component|auto_generated|pll1|clk[0]'
Slack : -16.448
TNS   : -3911.623

Type  : Slow 1200mV 0C Model Setup 'TDC:sc0|FFD:sc4|Q'
Slack : -10.857
TNS   : -954.594

Type  : Slow 1200mV 0C Model Setup 'Global_P:sc1|FFD:sc5|Q'
Slack : -10.727
TNS   : -911.562

Type  : Slow 1200mV 0C Model Hold 'sc2|sc0|altpll_component|auto_generated|pll1|clk[0]'
Slack : 0.133
TNS   : 0.000

Type  : Slow 1200mV 0C Model Hold 'TDC:sc0|FFD:sc4|Q'
Slack : 0.394
TNS   : 0.000

Type  : Slow 1200mV 0C Model Hold 'Global_P:sc1|FFD:sc5|Q'
Slack : 1.512
TNS   : 0.000

Type  : Slow 1200mV 0C Model Recovery 'TDC:sc0|FFD:sc6|Q'
Slack : -3.794
TNS   : -3.794

Type  : Slow 1200mV 0C Model Recovery 'TDC:sc0|Synchronizer:sc0|FFD_N:sc2|Q'
Slack : -3.667
TNS   : -3.667

Type  : Slow 1200mV 0C Model Recovery 'Global_P:sc1|FFD:sc1|Q'
Slack : -3.475
TNS   : -3.475

Type  : Slow 1200mV 0C Model Recovery 'Global_P:sc1|Synchronizer:sc2|FFD_N:sc2|Q'
Slack : -3.410
TNS   : -3.410

Type  : Slow 1200mV 0C Model Recovery 'Global_P:sc1|Coarse_Counter:sc0|Counter_N:sc0|qp[6]'
Slack : -2.351
TNS   : -2.351

Type  : Slow 1200mV 0C Model Recovery 'Trigger'
Slack : -1.535
TNS   : -1.535

Type  : Slow 1200mV 0C Model Recovery 'Hit'
Slack : -1.349
TNS   : -1.349

Type  : Slow 1200mV 0C Model Recovery 'sc2|sc0|altpll_component|auto_generated|pll1|clk[0]'
Slack : -0.957
TNS   : -6.699

Type  : Slow 1200mV 0C Model Removal 'sc2|sc0|altpll_component|auto_generated|pll1|clk[0]'
Slack : 0.390
TNS   : 0.000

Type  : Slow 1200mV 0C Model Removal 'Trigger'
Slack : 0.645
TNS   : 0.000

Type  : Slow 1200mV 0C Model Removal 'Hit'
Slack : 1.064
TNS   : 0.000

Type  : Slow 1200mV 0C Model Removal 'Global_P:sc1|Coarse_Counter:sc0|Counter_N:sc0|qp[6]'
Slack : 1.626
TNS   : 0.000

Type  : Slow 1200mV 0C Model Removal 'Global_P:sc1|FFD:sc1|Q'
Slack : 2.692
TNS   : 0.000

Type  : Slow 1200mV 0C Model Removal 'Global_P:sc1|Synchronizer:sc2|FFD_N:sc2|Q'
Slack : 2.741
TNS   : 0.000

Type  : Slow 1200mV 0C Model Removal 'TDC:sc0|Synchronizer:sc0|FFD_N:sc2|Q'
Slack : 3.013
TNS   : 0.000

Type  : Slow 1200mV 0C Model Removal 'TDC:sc0|FFD:sc6|Q'
Slack : 3.132
TNS   : 0.000

Type  : Slow 1200mV 0C Model Minimum Pulse Width 'Hit'
Slack : -1.481
TNS   : -2.766

Type  : Slow 1200mV 0C Model Minimum Pulse Width 'Trigger'
Slack : -1.481
TNS   : -2.766

Type  : Slow 1200mV 0C Model Minimum Pulse Width 'TDC:sc0|FFD:sc4|Q'
Slack : -1.285
TNS   : -172.190

Type  : Slow 1200mV 0C Model Minimum Pulse Width 'Global_P:sc1|FFD:sc5|Q'
Slack : -1.285
TNS   : -164.480

Type  : Slow 1200mV 0C Model Minimum Pulse Width 'Global_P:sc1|Coarse_Counter:sc0|Counter_N:sc0|qp[6]'
Slack : -1.285
TNS   : -1.285

Type  : Slow 1200mV 0C Model Minimum Pulse Width 'Global_P:sc1|FFD:sc1|Q'
Slack : -1.285
TNS   : -1.285

Type  : Slow 1200mV 0C Model Minimum Pulse Width 'Global_P:sc1|Synchronizer:sc2|FFD_N:sc2|Q'
Slack : -1.285
TNS   : -1.285

Type  : Slow 1200mV 0C Model Minimum Pulse Width 'TDC:sc0|FFD:sc6|Q'
Slack : -1.285
TNS   : -1.285

Type  : Slow 1200mV 0C Model Minimum Pulse Width 'TDC:sc0|Synchronizer:sc0|FFD_N:sc2|Q'
Slack : -1.285
TNS   : -1.285

Type  : Slow 1200mV 0C Model Minimum Pulse Width 'sc2|sc0|altpll_component|auto_generated|pll1|clk[0]'
Slack : -1.149
TNS   : -1029.504

Type  : Slow 1200mV 0C Model Minimum Pulse Width 'CLK0'
Slack : 9.890
TNS   : 0.000

Type  : Fast 1200mV 0C Model Setup 'sc2|sc0|altpll_component|auto_generated|pll1|clk[0]'
Slack : -8.898
TNS   : -1598.086

Type  : Fast 1200mV 0C Model Setup 'TDC:sc0|FFD:sc4|Q'
Slack : -6.163
TNS   : -532.175

Type  : Fast 1200mV 0C Model Setup 'Global_P:sc1|FFD:sc5|Q'
Slack : -6.079
TNS   : -507.431

Type  : Fast 1200mV 0C Model Hold 'TDC:sc0|FFD:sc4|Q'
Slack : -0.055
TNS   : -0.055

Type  : Fast 1200mV 0C Model Hold 'sc2|sc0|altpll_component|auto_generated|pll1|clk[0]'
Slack : 0.056
TNS   : 0.000

Type  : Fast 1200mV 0C Model Hold 'Global_P:sc1|FFD:sc5|Q'
Slack : 0.641
TNS   : 0.000

Type  : Fast 1200mV 0C Model Recovery 'TDC:sc0|FFD:sc6|Q'
Slack : -2.113
TNS   : -2.113

Type  : Fast 1200mV 0C Model Recovery 'TDC:sc0|Synchronizer:sc0|FFD_N:sc2|Q'
Slack : -2.028
TNS   : -2.028

Type  : Fast 1200mV 0C Model Recovery 'Global_P:sc1|FFD:sc1|Q'
Slack : -1.974
TNS   : -1.974

Type  : Fast 1200mV 0C Model Recovery 'Global_P:sc1|Synchronizer:sc2|FFD_N:sc2|Q'
Slack : -1.900
TNS   : -1.900

Type  : Fast 1200mV 0C Model Recovery 'Global_P:sc1|Coarse_Counter:sc0|Counter_N:sc0|qp[6]'
Slack : -1.343
TNS   : -1.343

Type  : Fast 1200mV 0C Model Recovery 'Trigger'
Slack : -0.830
TNS   : -0.830

Type  : Fast 1200mV 0C Model Recovery 'Hit'
Slack : -0.739
TNS   : -0.739

Type  : Fast 1200mV 0C Model Recovery 'sc2|sc0|altpll_component|auto_generated|pll1|clk[0]'
Slack : -0.491
TNS   : -3.437

Type  : Fast 1200mV 0C Model Removal 'sc2|sc0|altpll_component|auto_generated|pll1|clk[0]'
Slack : 0.209
TNS   : 0.000

Type  : Fast 1200mV 0C Model Removal 'Hit'
Slack : 0.413
TNS   : 0.000

Type  : Fast 1200mV 0C Model Removal 'Trigger'
Slack : 0.428
TNS   : 0.000

Type  : Fast 1200mV 0C Model Removal 'Global_P:sc1|Coarse_Counter:sc0|Counter_N:sc0|qp[6]'
Slack : 1.069
TNS   : 0.000

Type  : Fast 1200mV 0C Model Removal 'Global_P:sc1|FFD:sc1|Q'
Slack : 1.653
TNS   : 0.000

Type  : Fast 1200mV 0C Model Removal 'Global_P:sc1|Synchronizer:sc2|FFD_N:sc2|Q'
Slack : 1.656
TNS   : 0.000

Type  : Fast 1200mV 0C Model Removal 'TDC:sc0|Synchronizer:sc0|FFD_N:sc2|Q'
Slack : 1.788
TNS   : 0.000

Type  : Fast 1200mV 0C Model Removal 'TDC:sc0|FFD:sc6|Q'
Slack : 1.870
TNS   : 0.000

Type  : Fast 1200mV 0C Model Minimum Pulse Width 'Hit'
Slack : -1.283
TNS   : -2.283

Type  : Fast 1200mV 0C Model Minimum Pulse Width 'Trigger'
Slack : -1.283
TNS   : -2.283

Type  : Fast 1200mV 0C Model Minimum Pulse Width 'TDC:sc0|FFD:sc4|Q'
Slack : -1.000
TNS   : -134.000

Type  : Fast 1200mV 0C Model Minimum Pulse Width 'Global_P:sc1|FFD:sc5|Q'
Slack : -1.000
TNS   : -128.000

Type  : Fast 1200mV 0C Model Minimum Pulse Width 'Global_P:sc1|Coarse_Counter:sc0|Counter_N:sc0|qp[6]'
Slack : -1.000
TNS   : -1.000

Type  : Fast 1200mV 0C Model Minimum Pulse Width 'Global_P:sc1|FFD:sc1|Q'
Slack : -1.000
TNS   : -1.000

Type  : Fast 1200mV 0C Model Minimum Pulse Width 'Global_P:sc1|Synchronizer:sc2|FFD_N:sc2|Q'
Slack : -1.000
TNS   : -1.000

Type  : Fast 1200mV 0C Model Minimum Pulse Width 'TDC:sc0|FFD:sc6|Q'
Slack : -1.000
TNS   : -1.000

Type  : Fast 1200mV 0C Model Minimum Pulse Width 'TDC:sc0|Synchronizer:sc0|FFD_N:sc2|Q'
Slack : -1.000
TNS   : -1.000

Type  : Fast 1200mV 0C Model Minimum Pulse Width 'sc2|sc0|altpll_component|auto_generated|pll1|clk[0]'
Slack : 0.500
TNS   : 0.000

Type  : Fast 1200mV 0C Model Minimum Pulse Width 'CLK0'
Slack : 9.577
TNS   : 0.000

------------------------------------------------------------
