------------------------------------------------------------
Timing Analyzer Summary
------------------------------------------------------------

Type  : Slow 1200mV 85C Model Setup 'sc2|sc0|altpll_component|auto_generated|pll1|clk[0]'
Slack : -16.522
TNS   : -3836.621

Type  : Slow 1200mV 85C Model Setup 'Global_P:sc1|FFD:sc5|Q'
Slack : -11.987
TNS   : -1017.149

Type  : Slow 1200mV 85C Model Setup 'TDC:sc0|FFD:sc4|Q'
Slack : -11.792
TNS   : -1012.076

Type  : Slow 1200mV 85C Model Setup 'CLK0'
Slack : -5.556
TNS   : -56.029

Type  : Slow 1200mV 85C Model Hold 'Global_P:sc1|FFD:sc5|Q'
Slack : -0.514
TNS   : -1.950

Type  : Slow 1200mV 85C Model Hold 'TDC:sc0|FFD:sc4|Q'
Slack : -0.056
TNS   : -0.056

Type  : Slow 1200mV 85C Model Hold 'sc2|sc0|altpll_component|auto_generated|pll1|clk[0]'
Slack : 0.112
TNS   : 0.000

Type  : Slow 1200mV 85C Model Hold 'CLK0'
Slack : 0.404
TNS   : 0.000

Type  : Slow 1200mV 85C Model Recovery 'Global_P:sc1|FFD:sc1|Q'
Slack : -4.386
TNS   : -4.386

Type  : Slow 1200mV 85C Model Recovery 'TDC:sc0|FFD:sc6|Q'
Slack : -4.327
TNS   : -4.327

Type  : Slow 1200mV 85C Model Recovery 'TDC:sc0|Synchronizer:sc0|FFD_N:sc2|Q'
Slack : -4.137
TNS   : -4.137

Type  : Slow 1200mV 85C Model Recovery 'Global_P:sc1|Synchronizer:sc2|FFD_N:sc2|Q'
Slack : -3.820
TNS   : -3.820

Type  : Slow 1200mV 85C Model Recovery 'Global_P:sc1|Coarse_Counter:sc0|Counter_N:sc0|qp[6]'
Slack : -2.624
TNS   : -2.624

Type  : Slow 1200mV 85C Model Recovery 'Trigger'
Slack : -1.911
TNS   : -1.911

Type  : Slow 1200mV 85C Model Recovery 'Hit'
Slack : -1.517
TNS   : -1.517

Type  : Slow 1200mV 85C Model Recovery 'sc2|sc0|altpll_component|auto_generated|pll1|clk[0]'
Slack : -0.983
TNS   : -7.431

Type  : Slow 1200mV 85C Model Removal 'sc2|sc0|altpll_component|auto_generated|pll1|clk[0]'
Slack : 0.370
TNS   : 0.000

Type  : Slow 1200mV 85C Model Removal 'Trigger'
Slack : 1.052
TNS   : 0.000

Type  : Slow 1200mV 85C Model Removal 'Hit'
Slack : 1.182
TNS   : 0.000

Type  : Slow 1200mV 85C Model Removal 'Global_P:sc1|Coarse_Counter:sc0|Counter_N:sc0|qp[6]'
Slack : 1.746
TNS   : 0.000

Type  : Slow 1200mV 85C Model Removal 'Global_P:sc1|Synchronizer:sc2|FFD_N:sc2|Q'
Slack : 3.027
TNS   : 0.000

Type  : Slow 1200mV 85C Model Removal 'TDC:sc0|Synchronizer:sc0|FFD_N:sc2|Q'
Slack : 3.244
TNS   : 0.000

Type  : Slow 1200mV 85C Model Removal 'TDC:sc0|FFD:sc6|Q'
Slack : 3.424
TNS   : 0.000

Type  : Slow 1200mV 85C Model Removal 'Global_P:sc1|FFD:sc1|Q'
Slack : 3.652
TNS   : 0.000

Type  : Slow 1200mV 85C Model Minimum Pulse Width 'Hit'
Slack : -1.481
TNS   : -2.766

Type  : Slow 1200mV 85C Model Minimum Pulse Width 'Trigger'
Slack : -1.481
TNS   : -2.766

Type  : Slow 1200mV 85C Model Minimum Pulse Width 'TDC:sc0|FFD:sc4|Q'
Slack : -1.285
TNS   : -172.190

Type  : Slow 1200mV 85C Model Minimum Pulse Width 'Global_P:sc1|FFD:sc5|Q'
Slack : -1.285
TNS   : -164.480

Type  : Slow 1200mV 85C Model Minimum Pulse Width 'Global_P:sc1|Coarse_Counter:sc0|Counter_N:sc0|qp[6]'
Slack : -1.285
TNS   : -1.285

Type  : Slow 1200mV 85C Model Minimum Pulse Width 'Global_P:sc1|FFD:sc1|Q'
Slack : -1.285
TNS   : -1.285

Type  : Slow 1200mV 85C Model Minimum Pulse Width 'Global_P:sc1|Synchronizer:sc2|FFD_N:sc2|Q'
Slack : -1.285
TNS   : -1.285

Type  : Slow 1200mV 85C Model Minimum Pulse Width 'TDC:sc0|FFD:sc6|Q'
Slack : -1.285
TNS   : -1.285

Type  : Slow 1200mV 85C Model Minimum Pulse Width 'TDC:sc0|Synchronizer:sc0|FFD_N:sc2|Q'
Slack : -1.285
TNS   : -1.285

Type  : Slow 1200mV 85C Model Minimum Pulse Width 'sc2|sc0|altpll_component|auto_generated|pll1|clk[0]'
Slack : -1.193
TNS   : -1068.928

Type  : Slow 1200mV 85C Model Minimum Pulse Width 'CLK0'
Slack : 9.762
TNS   : 0.000

Type  : Slow 1200mV 0C Model Setup 'sc2|sc0|altpll_component|auto_generated|pll1|clk[0]'
Slack : -14.989
TNS   : -3338.282

Type  : Slow 1200mV 0C Model Setup 'Global_P:sc1|FFD:sc5|Q'
Slack : -10.629
TNS   : -913.922

Type  : Slow 1200mV 0C Model Setup 'TDC:sc0|FFD:sc4|Q'
Slack : -10.473
TNS   : -911.886

Type  : Slow 1200mV 0C Model Setup 'CLK0'
Slack : -4.996
TNS   : -49.075

Type  : Slow 1200mV 0C Model Hold 'Global_P:sc1|FFD:sc5|Q'
Slack : -0.389
TNS   : -1.311

Type  : Slow 1200mV 0C Model Hold 'TDC:sc0|FFD:sc4|Q'
Slack : 0.055
TNS   : 0.000

Type  : Slow 1200mV 0C Model Hold 'sc2|sc0|altpll_component|auto_generated|pll1|clk[0]'
Slack : 0.102
TNS   : 0.000

Type  : Slow 1200mV 0C Model Hold 'CLK0'
Slack : 0.355
TNS   : 0.000

Type  : Slow 1200mV 0C Model Recovery 'Global_P:sc1|FFD:sc1|Q'
Slack : -3.971
TNS   : -3.971

Type  : Slow 1200mV 0C Model Recovery 'TDC:sc0|FFD:sc6|Q'
Slack : -3.912
TNS   : -3.912

Type  : Slow 1200mV 0C Model Recovery 'TDC:sc0|Synchronizer:sc0|FFD_N:sc2|Q'
Slack : -3.750
TNS   : -3.750

Type  : Slow 1200mV 0C Model Recovery 'Global_P:sc1|Synchronizer:sc2|FFD_N:sc2|Q'
Slack : -3.452
TNS   : -3.452

Type  : Slow 1200mV 0C Model Recovery 'Global_P:sc1|Coarse_Counter:sc0|Counter_N:sc0|qp[6]'
Slack : -2.313
TNS   : -2.313

Type  : Slow 1200mV 0C Model Recovery 'Trigger'
Slack : -1.656
TNS   : -1.656

Type  : Slow 1200mV 0C Model Recovery 'Hit'
Slack : -1.164
TNS   : -1.164

Type  : Slow 1200mV 0C Model Recovery 'sc2|sc0|altpll_component|auto_generated|pll1|clk[0]'
Slack : -0.750
TNS   : -5.314

Type  : Slow 1200mV 0C Model Removal 'sc2|sc0|altpll_component|auto_generated|pll1|clk[0]'
Slack : 0.237
TNS   : 0.000

Type  : Slow 1200mV 0C Model Removal 'Trigger'
Slack : 0.896
TNS   : 0.000

Type  : Slow 1200mV 0C Model Removal 'Hit'
Slack : 1.039
TNS   : 0.000

Type  : Slow 1200mV 0C Model Removal 'Global_P:sc1|Coarse_Counter:sc0|Counter_N:sc0|qp[6]'
Slack : 1.558
TNS   : 0.000

Type  : Slow 1200mV 0C Model Removal 'Global_P:sc1|Synchronizer:sc2|FFD_N:sc2|Q'
Slack : 2.778
TNS   : 0.000

Type  : Slow 1200mV 0C Model Removal 'TDC:sc0|Synchronizer:sc0|FFD_N:sc2|Q'
Slack : 2.997
TNS   : 0.000

Type  : Slow 1200mV 0C Model Removal 'TDC:sc0|FFD:sc6|Q'
Slack : 3.149
TNS   : 0.000

Type  : Slow 1200mV 0C Model Removal 'Global_P:sc1|FFD:sc1|Q'
Slack : 3.355
TNS   : 0.000

Type  : Slow 1200mV 0C Model Minimum Pulse Width 'Hit'
Slack : -1.481
TNS   : -2.766

Type  : Slow 1200mV 0C Model Minimum Pulse Width 'Trigger'
Slack : -1.481
TNS   : -2.766

Type  : Slow 1200mV 0C Model Minimum Pulse Width 'TDC:sc0|FFD:sc4|Q'
Slack : -1.285
TNS   : -172.190

Type  : Slow 1200mV 0C Model Minimum Pulse Width 'Global_P:sc1|FFD:sc5|Q'
Slack : -1.285
TNS   : -164.480

Type  : Slow 1200mV 0C Model Minimum Pulse Width 'Global_P:sc1|Coarse_Counter:sc0|Counter_N:sc0|qp[6]'
Slack : -1.285
TNS   : -1.285

Type  : Slow 1200mV 0C Model Minimum Pulse Width 'Global_P:sc1|FFD:sc1|Q'
Slack : -1.285
TNS   : -1.285

Type  : Slow 1200mV 0C Model Minimum Pulse Width 'Global_P:sc1|Synchronizer:sc2|FFD_N:sc2|Q'
Slack : -1.285
TNS   : -1.285

Type  : Slow 1200mV 0C Model Minimum Pulse Width 'TDC:sc0|FFD:sc6|Q'
Slack : -1.285
TNS   : -1.285

Type  : Slow 1200mV 0C Model Minimum Pulse Width 'TDC:sc0|Synchronizer:sc0|FFD_N:sc2|Q'
Slack : -1.285
TNS   : -1.285

Type  : Slow 1200mV 0C Model Minimum Pulse Width 'sc2|sc0|altpll_component|auto_generated|pll1|clk[0]'
Slack : -1.149
TNS   : -1029.504

Type  : Slow 1200mV 0C Model Minimum Pulse Width 'CLK0'
Slack : 9.780
TNS   : 0.000

Type  : Fast 1200mV 0C Model Setup 'sc2|sc0|altpll_component|auto_generated|pll1|clk[0]'
Slack : -8.144
TNS   : -1260.264

Type  : Fast 1200mV 0C Model Setup 'Global_P:sc1|FFD:sc5|Q'
Slack : -6.022
TNS   : -504.110

Type  : Fast 1200mV 0C Model Setup 'TDC:sc0|FFD:sc4|Q'
Slack : -5.934
TNS   : -501.736

Type  : Fast 1200mV 0C Model Setup 'CLK0'
Slack : -1.261
TNS   : -9.923

Type  : Fast 1200mV 0C Model Hold 'Global_P:sc1|FFD:sc5|Q'
Slack : -0.434
TNS   : -2.748

Type  : Fast 1200mV 0C Model Hold 'TDC:sc0|FFD:sc4|Q'
Slack : -0.225
TNS   : -0.309

Type  : Fast 1200mV 0C Model Hold 'sc2|sc0|altpll_component|auto_generated|pll1|clk[0]'
Slack : -0.052
TNS   : -0.078

Type  : Fast 1200mV 0C Model Hold 'CLK0'
Slack : 0.182
TNS   : 0.000

Type  : Fast 1200mV 0C Model Recovery 'Global_P:sc1|FFD:sc1|Q'
Slack : -2.210
TNS   : -2.210

Type  : Fast 1200mV 0C Model Recovery 'TDC:sc0|FFD:sc6|Q'
Slack : -2.168
TNS   : -2.168

Type  : Fast 1200mV 0C Model Recovery 'TDC:sc0|Synchronizer:sc0|FFD_N:sc2|Q'
Slack : -2.063
TNS   : -2.063

Type  : Fast 1200mV 0C Model Recovery 'Global_P:sc1|Synchronizer:sc2|FFD_N:sc2|Q'
Slack : -1.914
TNS   : -1.914

Type  : Fast 1200mV 0C Model Recovery 'Global_P:sc1|Coarse_Counter:sc0|Counter_N:sc0|qp[6]'
Slack : -1.287
TNS   : -1.287

Type  : Fast 1200mV 0C Model Recovery 'Trigger'
Slack : -0.847
TNS   : -0.847

Type  : Fast 1200mV 0C Model Recovery 'Hit'
Slack : -0.629
TNS   : -0.629

Type  : Fast 1200mV 0C Model Recovery 'sc2|sc0|altpll_component|auto_generated|pll1|clk[0]'
Slack : -0.426
TNS   : -2.982

Type  : Fast 1200mV 0C Model Removal 'sc2|sc0|altpll_component|auto_generated|pll1|clk[0]'
Slack : 0.268
TNS   : 0.000

Type  : Fast 1200mV 0C Model Removal 'Hit'
Slack : 0.450
TNS   : 0.000

Type  : Fast 1200mV 0C Model Removal 'Trigger'
Slack : 0.513
TNS   : 0.000

Type  : Fast 1200mV 0C Model Removal 'Global_P:sc1|Coarse_Counter:sc0|Counter_N:sc0|qp[6]'
Slack : 0.996
TNS   : 0.000

Type  : Fast 1200mV 0C Model Removal 'Global_P:sc1|Synchronizer:sc2|FFD_N:sc2|Q'
Slack : 1.669
TNS   : 0.000

Type  : Fast 1200mV 0C Model Removal 'TDC:sc0|Synchronizer:sc0|FFD_N:sc2|Q'
Slack : 1.763
TNS   : 0.000

Type  : Fast 1200mV 0C Model Removal 'TDC:sc0|FFD:sc6|Q'
Slack : 1.862
TNS   : 0.000

Type  : Fast 1200mV 0C Model Removal 'Global_P:sc1|FFD:sc1|Q'
Slack : 1.960
TNS   : 0.000

Type  : Fast 1200mV 0C Model Minimum Pulse Width 'Hit'
Slack : -1.283
TNS   : -2.283

Type  : Fast 1200mV 0C Model Minimum Pulse Width 'Trigger'
Slack : -1.283
TNS   : -2.283

Type  : Fast 1200mV 0C Model Minimum Pulse Width 'TDC:sc0|FFD:sc4|Q'
Slack : -1.000
TNS   : -134.000

Type  : Fast 1200mV 0C Model Minimum Pulse Width 'Global_P:sc1|FFD:sc5|Q'
Slack : -1.000
TNS   : -128.000

Type  : Fast 1200mV 0C Model Minimum Pulse Width 'Global_P:sc1|Coarse_Counter:sc0|Counter_N:sc0|qp[6]'
Slack : -1.000
TNS   : -1.000

Type  : Fast 1200mV 0C Model Minimum Pulse Width 'Global_P:sc1|FFD:sc1|Q'
Slack : -1.000
TNS   : -1.000

Type  : Fast 1200mV 0C Model Minimum Pulse Width 'Global_P:sc1|Synchronizer:sc2|FFD_N:sc2|Q'
Slack : -1.000
TNS   : -1.000

Type  : Fast 1200mV 0C Model Minimum Pulse Width 'TDC:sc0|FFD:sc6|Q'
Slack : -1.000
TNS   : -1.000

Type  : Fast 1200mV 0C Model Minimum Pulse Width 'TDC:sc0|Synchronizer:sc0|FFD_N:sc2|Q'
Slack : -1.000
TNS   : -1.000

Type  : Fast 1200mV 0C Model Minimum Pulse Width 'sc2|sc0|altpll_component|auto_generated|pll1|clk[0]'
Slack : 0.500
TNS   : 0.000

Type  : Fast 1200mV 0C Model Minimum Pulse Width 'CLK0'
Slack : 9.422
TNS   : 0.000

------------------------------------------------------------
